=== Pipeline run: bfg_q2 (20260726_rerun) ===
question:  How many cumulative reported deaths (confirmed plus probable) will there be in the Bundibugyo outbreak since the outbreak declaration on 14 May 2026 to 31 December 2026, according to WHO?
pathogen:  'bundibugyo ebola'
region:    'drc-uganda'
target:    2027-01-01
as_of:     2026-07-26
artifacts: data/runs_bfg_summer_2026_with_history/bfg_q2/20260726_rerun

[search] starting...
[search] 34 results (173.3s)
[filter] starting...
[filter] 9 docs (6.9s)
[extract] starting...
2026-08-06 15:04:34,756 WARNING bioscancast.stages.extraction.fetcher: Fetch failed for https://web.archive.org/web/20260620025755id_/https://www.afro.who.int/health-topics/ebola-disease: Failed to perform, curl: (7) Failed to connect to web.archive.org port 443 after 147 ms: Could not connect to server. See https://curl.se/libcurl/c/libcurl-errors.html first for more details.
2026-08-06 15:04:34,990 WARNING bioscancast.stages.searching.wayback: Wayback CDX gave up after 1 attempt(s): <urlopen error [Errno 61] Connection refused> for https://web.archive.org/cdx/search/cdx?url=https%3A%2F%2Fweb.archive.org%2Fweb%2F20260725182803id_%2Fhttps%3A%2F%2Fwww.cdc.gov%2Febola%2Fabout%2Findex.html&to=20260726000000&limit=-1&output=json&filter=statuscode%3A200
2026-08-06 15:04:35,137 WARNING bioscancast.stages.extraction.fetcher: Fetch failed for https://web.archive.org/web/20260725182803id_/https://www.cdc.gov/ebola/about/index.html: Failed to perform, curl: (7) Failed to connect to web.archive.org port 443 after 145 ms: Could not connect to server. See https://curl.se/libcurl/c/libcurl-errors.html first for more details.
2026-08-06 15:04:36,904 WARNING bioscancast.stages.searching.wayback: Wayback CDX gave up after 1 attempt(s): <urlopen error [Errno 61] Connection refused> for https://web.archive.org/cdx/search/cdx?url=https%3A%2F%2Fwww.cidrap.umn.edu%2Febola%2Fdeath-toll-ebola-outbreak-dr-congo-approaches-1000&to=20260726000000&limit=-1&output=json&filter=statuscode%3A200
2026-08-06 15:04:38,908 WARNING bioscancast.stages.searching.wayback: Wayback CDX gave up after 1 attempt(s): <urlopen error [Errno 61] Connection refused> for https://web.archive.org/cdx/search/cdx?url=https%3A%2F%2Fapnews.com%2Farticle%2Fcongo-ebola-virus-bundibugyo-toll-outbreak-3fd6e1785afac22bb848dbc39f52a77b&to=20260726000000&limit=-1&output=json&filter=statuscode%3A200
2026-08-06 15:04:40,909 WARNING bioscancast.stages.searching.wayback: Wayback CDX gave up after 1 attempt(s): <urlopen error [Errno 61] Connection refused> for https://web.archive.org/cdx/search/cdx?url=https%3A%2F%2Fabcnews.com%2FHealth%2FwireStory%2Fexperts-ebola-outbreak-congo-uganda-kills-1000-people-135013638&to=20260726000000&limit=-1&output=json&filter=statuscode%3A200
2026-08-06 15:04:42,994 WARNING bioscancast.stages.searching.wayback: Wayback CDX gave up after 1 attempt(s): <urlopen error [Errno 61] Connection refused> for https://web.archive.org/cdx/search/cdx?url=https%3A%2F%2Fwww.who.int%2Femergencies%2Fdisease-outbreak-news%2Fitem%2F2026-DON606&to=20260726000000&limit=-1&output=json&filter=statuscode%3A200
2026-08-06 15:04:44,951 WARNING bioscancast.stages.searching.wayback: Wayback CDX gave up after 1 attempt(s): <urlopen error [Errno 61] Connection refused> for https://web.archive.org/cdx/search/cdx?url=https%3A%2F%2Fwww.who.int%2Femergencies%2Fdisease-outbreak-news%2Fitem%2F2026-DON608&to=20260726000000&limit=-1&output=json&filter=statuscode%3A200
[extract] 7/9 success (65.5s)
[insight] starting...
[insight] 5 records | in=77,051 out=887 (22.9s)
[forecast] starting...
[forecast] 2 distribution(s) over 5 options | in=7,509 out=1,127 (19.9s)

=== Pipeline complete: bfg_q2 ===
  search    173.31s  $0.0001
  filter      6.87s  $0.0009
  extract    65.48s
  insight    22.91s  $0.0121
  forecast   19.87s  $0.0283
  total cost:  $0.0414
  artifacts: data/runs_bfg_summer_2026_with_history/bfg_q2/20260726_rerun
