=== no-history run started 2026-08-11T02:03:51Z run_id=20260811_020351_nohist ===
--- bfg_q1 02:03:52 ---
Traceback (most recent call last):
  File "<frozen runpy>", line 198, in _run_module_as_main
  File "<frozen runpy>", line 88, in _run_code
  File "/home/runner/work/BioScanCast/BioScanCast/bioscancast/main.py", line 42, in <module>
    from bioscancast.orchestration import persistence
  File "/home/runner/work/BioScanCast/BioScanCast/bioscancast/orchestration/persistence.py", line 17, in <module>
    from bioscancast.stages.forecasting.schemas import ForecastResult
  File "/home/runner/work/BioScanCast/BioScanCast/bioscancast/stages/forecasting/__init__.py", line 10, in <module>
    from .pipeline import ForecastingPipeline
  File "/home/runner/work/BioScanCast/BioScanCast/bioscancast/stages/forecasting/pipeline.py", line 33, in <module>
    from bioscancast.stages.evaluation.contamination import (
  File "/home/runner/work/BioScanCast/BioScanCast/bioscancast/stages/evaluation/__init__.py", line 22, in <module>
    from .pipeline import (
  File "/home/runner/work/BioScanCast/BioScanCast/bioscancast/stages/evaluation/pipeline.py", line 24, in <module>
    from bioscancast.stages.evaluation.visualisation import (
  File "/home/runner/work/BioScanCast/BioScanCast/bioscancast/stages/evaluation/visualisation.py", line 6, in <module>
    import matplotlib.pyplot as plt
ModuleNotFoundError: No module named 'matplotlib'
    bfg_q1 FAILED
--- bfg_q2 02:03:52 ---
Traceback (most recent call last):
  File "<frozen runpy>", line 198, in _run_module_as_main
  File "<frozen runpy>", line 88, in _run_code
  File "/home/runner/work/BioScanCast/BioScanCast/bioscancast/main.py", line 42, in <module>
    from bioscancast.orchestration import persistence
  File "/home/runner/work/BioScanCast/BioScanCast/bioscancast/orchestration/persistence.py", line 17, in <module>
    from bioscancast.stages.forecasting.schemas import ForecastResult
  File "/home/runner/work/BioScanCast/BioScanCast/bioscancast/stages/forecasting/__init__.py", line 10, in <module>
    from .pipeline import ForecastingPipeline
  File "/home/runner/work/BioScanCast/BioScanCast/bioscancast/stages/forecasting/pipeline.py", line 33, in <module>
    from bioscancast.stages.evaluation.contamination import (
  File "/home/runner/work/BioScanCast/BioScanCast/bioscancast/stages/evaluation/__init__.py", line 22, in <module>
    from .pipeline import (
  File "/home/runner/work/BioScanCast/BioScanCast/bioscancast/stages/evaluation/pipeline.py", line 24, in <module>
    from bioscancast.stages.evaluation.visualisation import (
  File "/home/runner/work/BioScanCast/BioScanCast/bioscancast/stages/evaluation/visualisation.py", line 6, in <module>
    import matplotlib.pyplot as plt
ModuleNotFoundError: No module named 'matplotlib'
    bfg_q2 FAILED
--- bfg_q3 02:03:53 ---
Traceback (most recent call last):
  File "<frozen runpy>", line 198, in _run_module_as_main
  File "<frozen runpy>", line 88, in _run_code
  File "/home/runner/work/BioScanCast/BioScanCast/bioscancast/main.py", line 42, in <module>
    from bioscancast.orchestration import persistence
  File "/home/runner/work/BioScanCast/BioScanCast/bioscancast/orchestration/persistence.py", line 17, in <module>
    from bioscancast.stages.forecasting.schemas import ForecastResult
  File "/home/runner/work/BioScanCast/BioScanCast/bioscancast/stages/forecasting/__init__.py", line 10, in <module>
    from .pipeline import ForecastingPipeline
  File "/home/runner/work/BioScanCast/BioScanCast/bioscancast/stages/forecasting/pipeline.py", line 33, in <module>
    from bioscancast.stages.evaluation.contamination import (
  File "/home/runner/work/BioScanCast/BioScanCast/bioscancast/stages/evaluation/__init__.py", line 22, in <module>
    from .pipeline import (
  File "/home/runner/work/BioScanCast/BioScanCast/bioscancast/stages/evaluation/pipeline.py", line 24, in <module>
    from bioscancast.stages.evaluation.visualisation import (
  File "/home/runner/work/BioScanCast/BioScanCast/bioscancast/stages/evaluation/visualisation.py", line 6, in <module>
    import matplotlib.pyplot as plt
ModuleNotFoundError: No module named 'matplotlib'
    bfg_q3 FAILED
--- bfg_q4 02:03:53 ---
Traceback (most recent call last):
  File "<frozen runpy>", line 198, in _run_module_as_main
  File "<frozen runpy>", line 88, in _run_code
  File "/home/runner/work/BioScanCast/BioScanCast/bioscancast/main.py", line 42, in <module>
    from bioscancast.orchestration import persistence
  File "/home/runner/work/BioScanCast/BioScanCast/bioscancast/orchestration/persistence.py", line 17, in <module>
    from bioscancast.stages.forecasting.schemas import ForecastResult
  File "/home/runner/work/BioScanCast/BioScanCast/bioscancast/stages/forecasting/__init__.py", line 10, in <module>
    from .pipeline import ForecastingPipeline
  File "/home/runner/work/BioScanCast/BioScanCast/bioscancast/stages/forecasting/pipeline.py", line 33, in <module>
    from bioscancast.stages.evaluation.contamination import (
  File "/home/runner/work/BioScanCast/BioScanCast/bioscancast/stages/evaluation/__init__.py", line 22, in <module>
    from .pipeline import (
  File "/home/runner/work/BioScanCast/BioScanCast/bioscancast/stages/evaluation/pipeline.py", line 24, in <module>
    from bioscancast.stages.evaluation.visualisation import (
  File "/home/runner/work/BioScanCast/BioScanCast/bioscancast/stages/evaluation/visualisation.py", line 6, in <module>
    import matplotlib.pyplot as plt
ModuleNotFoundError: No module named 'matplotlib'
    bfg_q4 FAILED
--- bfg_q5 02:03:54 ---
Traceback (most recent call last):
  File "<frozen runpy>", line 198, in _run_module_as_main
  File "<frozen runpy>", line 88, in _run_code
  File "/home/runner/work/BioScanCast/BioScanCast/bioscancast/main.py", line 42, in <module>
    from bioscancast.orchestration import persistence
  File "/home/runner/work/BioScanCast/BioScanCast/bioscancast/orchestration/persistence.py", line 17, in <module>
    from bioscancast.stages.forecasting.schemas import ForecastResult
  File "/home/runner/work/BioScanCast/BioScanCast/bioscancast/stages/forecasting/__init__.py", line 10, in <module>
    from .pipeline import ForecastingPipeline
  File "/home/runner/work/BioScanCast/BioScanCast/bioscancast/stages/forecasting/pipeline.py", line 33, in <module>
    from bioscancast.stages.evaluation.contamination import (
  File "/home/runner/work/BioScanCast/BioScanCast/bioscancast/stages/evaluation/__init__.py", line 22, in <module>
    from .pipeline import (
  File "/home/runner/work/BioScanCast/BioScanCast/bioscancast/stages/evaluation/pipeline.py", line 24, in <module>
    from bioscancast.stages.evaluation.visualisation import (
  File "/home/runner/work/BioScanCast/BioScanCast/bioscancast/stages/evaluation/visualisation.py", line 6, in <module>
    import matplotlib.pyplot as plt
ModuleNotFoundError: No module named 'matplotlib'
    bfg_q5 FAILED
--- bfg_q6 02:03:54 ---
Traceback (most recent call last):
  File "<frozen runpy>", line 198, in _run_module_as_main
  File "<frozen runpy>", line 88, in _run_code
  File "/home/runner/work/BioScanCast/BioScanCast/bioscancast/main.py", line 42, in <module>
    from bioscancast.orchestration import persistence
  File "/home/runner/work/BioScanCast/BioScanCast/bioscancast/orchestration/persistence.py", line 17, in <module>
    from bioscancast.stages.forecasting.schemas import ForecastResult
  File "/home/runner/work/BioScanCast/BioScanCast/bioscancast/stages/forecasting/__init__.py", line 10, in <module>
    from .pipeline import ForecastingPipeline
  File "/home/runner/work/BioScanCast/BioScanCast/bioscancast/stages/forecasting/pipeline.py", line 33, in <module>
    from bioscancast.stages.evaluation.contamination import (
  File "/home/runner/work/BioScanCast/BioScanCast/bioscancast/stages/evaluation/__init__.py", line 22, in <module>
    from .pipeline import (
  File "/home/runner/work/BioScanCast/BioScanCast/bioscancast/stages/evaluation/pipeline.py", line 24, in <module>
    from bioscancast.stages.evaluation.visualisation import (
  File "/home/runner/work/BioScanCast/BioScanCast/bioscancast/stages/evaluation/visualisation.py", line 6, in <module>
    import matplotlib.pyplot as plt
ModuleNotFoundError: No module named 'matplotlib'
    bfg_q6 FAILED
--- bfg_q7 02:03:54 ---
Traceback (most recent call last):
  File "<frozen runpy>", line 198, in _run_module_as_main
  File "<frozen runpy>", line 88, in _run_code
  File "/home/runner/work/BioScanCast/BioScanCast/bioscancast/main.py", line 42, in <module>
    from bioscancast.orchestration import persistence
  File "/home/runner/work/BioScanCast/BioScanCast/bioscancast/orchestration/persistence.py", line 17, in <module>
    from bioscancast.stages.forecasting.schemas import ForecastResult
  File "/home/runner/work/BioScanCast/BioScanCast/bioscancast/stages/forecasting/__init__.py", line 10, in <module>
    from .pipeline import ForecastingPipeline
  File "/home/runner/work/BioScanCast/BioScanCast/bioscancast/stages/forecasting/pipeline.py", line 33, in <module>
    from bioscancast.stages.evaluation.contamination import (
  File "/home/runner/work/BioScanCast/BioScanCast/bioscancast/stages/evaluation/__init__.py", line 22, in <module>
    from .pipeline import (
  File "/home/runner/work/BioScanCast/BioScanCast/bioscancast/stages/evaluation/pipeline.py", line 24, in <module>
    from bioscancast.stages.evaluation.visualisation import (
  File "/home/runner/work/BioScanCast/BioScanCast/bioscancast/stages/evaluation/visualisation.py", line 6, in <module>
    import matplotlib.pyplot as plt
ModuleNotFoundError: No module named 'matplotlib'
    bfg_q7 FAILED
--- bfg_q8 02:03:55 ---
Traceback (most recent call last):
  File "<frozen runpy>", line 198, in _run_module_as_main
  File "<frozen runpy>", line 88, in _run_code
  File "/home/runner/work/BioScanCast/BioScanCast/bioscancast/main.py", line 42, in <module>
    from bioscancast.orchestration import persistence
  File "/home/runner/work/BioScanCast/BioScanCast/bioscancast/orchestration/persistence.py", line 17, in <module>
    from bioscancast.stages.forecasting.schemas import ForecastResult
  File "/home/runner/work/BioScanCast/BioScanCast/bioscancast/stages/forecasting/__init__.py", line 10, in <module>
    from .pipeline import ForecastingPipeline
  File "/home/runner/work/BioScanCast/BioScanCast/bioscancast/stages/forecasting/pipeline.py", line 33, in <module>
    from bioscancast.stages.evaluation.contamination import (
  File "/home/runner/work/BioScanCast/BioScanCast/bioscancast/stages/evaluation/__init__.py", line 22, in <module>
    from .pipeline import (
  File "/home/runner/work/BioScanCast/BioScanCast/bioscancast/stages/evaluation/pipeline.py", line 24, in <module>
    from bioscancast.stages.evaluation.visualisation import (
  File "/home/runner/work/BioScanCast/BioScanCast/bioscancast/stages/evaluation/visualisation.py", line 6, in <module>
    import matplotlib.pyplot as plt
ModuleNotFoundError: No module named 'matplotlib'
    bfg_q8 FAILED
--- bfg_q9 02:03:55 ---
Traceback (most recent call last):
  File "<frozen runpy>", line 198, in _run_module_as_main
  File "<frozen runpy>", line 88, in _run_code
  File "/home/runner/work/BioScanCast/BioScanCast/bioscancast/main.py", line 42, in <module>
    from bioscancast.orchestration import persistence
  File "/home/runner/work/BioScanCast/BioScanCast/bioscancast/orchestration/persistence.py", line 17, in <module>
    from bioscancast.stages.forecasting.schemas import ForecastResult
  File "/home/runner/work/BioScanCast/BioScanCast/bioscancast/stages/forecasting/__init__.py", line 10, in <module>
    from .pipeline import ForecastingPipeline
  File "/home/runner/work/BioScanCast/BioScanCast/bioscancast/stages/forecasting/pipeline.py", line 33, in <module>
    from bioscancast.stages.evaluation.contamination import (
  File "/home/runner/work/BioScanCast/BioScanCast/bioscancast/stages/evaluation/__init__.py", line 22, in <module>
    from .pipeline import (
  File "/home/runner/work/BioScanCast/BioScanCast/bioscancast/stages/evaluation/pipeline.py", line 24, in <module>
    from bioscancast.stages.evaluation.visualisation import (
  File "/home/runner/work/BioScanCast/BioScanCast/bioscancast/stages/evaluation/visualisation.py", line 6, in <module>
    import matplotlib.pyplot as plt
ModuleNotFoundError: No module named 'matplotlib'
    bfg_q9 FAILED
--- bfg_q10 02:03:56 ---
Traceback (most recent call last):
  File "<frozen runpy>", line 198, in _run_module_as_main
  File "<frozen runpy>", line 88, in _run_code
  File "/home/runner/work/BioScanCast/BioScanCast/bioscancast/main.py", line 42, in <module>
    from bioscancast.orchestration import persistence
  File "/home/runner/work/BioScanCast/BioScanCast/bioscancast/orchestration/persistence.py", line 17, in <module>
    from bioscancast.stages.forecasting.schemas import ForecastResult
  File "/home/runner/work/BioScanCast/BioScanCast/bioscancast/stages/forecasting/__init__.py", line 10, in <module>
    from .pipeline import ForecastingPipeline
  File "/home/runner/work/BioScanCast/BioScanCast/bioscancast/stages/forecasting/pipeline.py", line 33, in <module>
    from bioscancast.stages.evaluation.contamination import (
  File "/home/runner/work/BioScanCast/BioScanCast/bioscancast/stages/evaluation/__init__.py", line 22, in <module>
    from .pipeline import (
  File "/home/runner/work/BioScanCast/BioScanCast/bioscancast/stages/evaluation/pipeline.py", line 24, in <module>
    from bioscancast.stages.evaluation.visualisation import (
  File "/home/runner/work/BioScanCast/BioScanCast/bioscancast/stages/evaluation/visualisation.py", line 6, in <module>
    import matplotlib.pyplot as plt
ModuleNotFoundError: No module named 'matplotlib'
    bfg_q10 FAILED
--- bfg_q11 02:03:56 ---
Traceback (most recent call last):
  File "<frozen runpy>", line 198, in _run_module_as_main
  File "<frozen runpy>", line 88, in _run_code
  File "/home/runner/work/BioScanCast/BioScanCast/bioscancast/main.py", line 42, in <module>
    from bioscancast.orchestration import persistence
  File "/home/runner/work/BioScanCast/BioScanCast/bioscancast/orchestration/persistence.py", line 17, in <module>
    from bioscancast.stages.forecasting.schemas import ForecastResult
  File "/home/runner/work/BioScanCast/BioScanCast/bioscancast/stages/forecasting/__init__.py", line 10, in <module>
    from .pipeline import ForecastingPipeline
  File "/home/runner/work/BioScanCast/BioScanCast/bioscancast/stages/forecasting/pipeline.py", line 33, in <module>
    from bioscancast.stages.evaluation.contamination import (
  File "/home/runner/work/BioScanCast/BioScanCast/bioscancast/stages/evaluation/__init__.py", line 22, in <module>
    from .pipeline import (
  File "/home/runner/work/BioScanCast/BioScanCast/bioscancast/stages/evaluation/pipeline.py", line 24, in <module>
    from bioscancast.stages.evaluation.visualisation import (
  File "/home/runner/work/BioScanCast/BioScanCast/bioscancast/stages/evaluation/visualisation.py", line 6, in <module>
    import matplotlib.pyplot as plt
ModuleNotFoundError: No module named 'matplotlib'
    bfg_q11 FAILED
--- bfg_q12 02:03:56 ---
Traceback (most recent call last):
  File "<frozen runpy>", line 198, in _run_module_as_main
  File "<frozen runpy>", line 88, in _run_code
  File "/home/runner/work/BioScanCast/BioScanCast/bioscancast/main.py", line 42, in <module>
    from bioscancast.orchestration import persistence
  File "/home/runner/work/BioScanCast/BioScanCast/bioscancast/orchestration/persistence.py", line 17, in <module>
    from bioscancast.stages.forecasting.schemas import ForecastResult
  File "/home/runner/work/BioScanCast/BioScanCast/bioscancast/stages/forecasting/__init__.py", line 10, in <module>
    from .pipeline import ForecastingPipeline
  File "/home/runner/work/BioScanCast/BioScanCast/bioscancast/stages/forecasting/pipeline.py", line 33, in <module>
    from bioscancast.stages.evaluation.contamination import (
  File "/home/runner/work/BioScanCast/BioScanCast/bioscancast/stages/evaluation/__init__.py", line 22, in <module>
    from .pipeline import (
  File "/home/runner/work/BioScanCast/BioScanCast/bioscancast/stages/evaluation/pipeline.py", line 24, in <module>
    from bioscancast.stages.evaluation.visualisation import (
  File "/home/runner/work/BioScanCast/BioScanCast/bioscancast/stages/evaluation/visualisation.py", line 6, in <module>
    import matplotlib.pyplot as plt
ModuleNotFoundError: No module named 'matplotlib'
    bfg_q12 FAILED
--- bfg_q13 02:03:57 ---
Traceback (most recent call last):
  File "<frozen runpy>", line 198, in _run_module_as_main
  File "<frozen runpy>", line 88, in _run_code
  File "/home/runner/work/BioScanCast/BioScanCast/bioscancast/main.py", line 42, in <module>
    from bioscancast.orchestration import persistence
  File "/home/runner/work/BioScanCast/BioScanCast/bioscancast/orchestration/persistence.py", line 17, in <module>
    from bioscancast.stages.forecasting.schemas import ForecastResult
  File "/home/runner/work/BioScanCast/BioScanCast/bioscancast/stages/forecasting/__init__.py", line 10, in <module>
    from .pipeline import ForecastingPipeline
  File "/home/runner/work/BioScanCast/BioScanCast/bioscancast/stages/forecasting/pipeline.py", line 33, in <module>
    from bioscancast.stages.evaluation.contamination import (
  File "/home/runner/work/BioScanCast/BioScanCast/bioscancast/stages/evaluation/__init__.py", line 22, in <module>
    from .pipeline import (
  File "/home/runner/work/BioScanCast/BioScanCast/bioscancast/stages/evaluation/pipeline.py", line 24, in <module>
    from bioscancast.stages.evaluation.visualisation import (
  File "/home/runner/work/BioScanCast/BioScanCast/bioscancast/stages/evaluation/visualisation.py", line 6, in <module>
    import matplotlib.pyplot as plt
ModuleNotFoundError: No module named 'matplotlib'
    bfg_q13 FAILED
--- bfg_q14 02:03:57 ---
Traceback (most recent call last):
  File "<frozen runpy>", line 198, in _run_module_as_main
  File "<frozen runpy>", line 88, in _run_code
  File "/home/runner/work/BioScanCast/BioScanCast/bioscancast/main.py", line 42, in <module>
    from bioscancast.orchestration import persistence
  File "/home/runner/work/BioScanCast/BioScanCast/bioscancast/orchestration/persistence.py", line 17, in <module>
    from bioscancast.stages.forecasting.schemas import ForecastResult
  File "/home/runner/work/BioScanCast/BioScanCast/bioscancast/stages/forecasting/__init__.py", line 10, in <module>
    from .pipeline import ForecastingPipeline
  File "/home/runner/work/BioScanCast/BioScanCast/bioscancast/stages/forecasting/pipeline.py", line 33, in <module>
    from bioscancast.stages.evaluation.contamination import (
  File "/home/runner/work/BioScanCast/BioScanCast/bioscancast/stages/evaluation/__init__.py", line 22, in <module>
    from .pipeline import (
  File "/home/runner/work/BioScanCast/BioScanCast/bioscancast/stages/evaluation/pipeline.py", line 24, in <module>
    from bioscancast.stages.evaluation.visualisation import (
  File "/home/runner/work/BioScanCast/BioScanCast/bioscancast/stages/evaluation/visualisation.py", line 6, in <module>
    import matplotlib.pyplot as plt
ModuleNotFoundError: No module named 'matplotlib'
    bfg_q14 FAILED
--- bfg_q15 02:03:58 ---
Traceback (most recent call last):
  File "<frozen runpy>", line 198, in _run_module_as_main
  File "<frozen runpy>", line 88, in _run_code
  File "/home/runner/work/BioScanCast/BioScanCast/bioscancast/main.py", line 42, in <module>
    from bioscancast.orchestration import persistence
  File "/home/runner/work/BioScanCast/BioScanCast/bioscancast/orchestration/persistence.py", line 17, in <module>
    from bioscancast.stages.forecasting.schemas import ForecastResult
  File "/home/runner/work/BioScanCast/BioScanCast/bioscancast/stages/forecasting/__init__.py", line 10, in <module>
    from .pipeline import ForecastingPipeline
  File "/home/runner/work/BioScanCast/BioScanCast/bioscancast/stages/forecasting/pipeline.py", line 33, in <module>
    from bioscancast.stages.evaluation.contamination import (
  File "/home/runner/work/BioScanCast/BioScanCast/bioscancast/stages/evaluation/__init__.py", line 22, in <module>
    from .pipeline import (
  File "/home/runner/work/BioScanCast/BioScanCast/bioscancast/stages/evaluation/pipeline.py", line 24, in <module>
    from bioscancast.stages.evaluation.visualisation import (
  File "/home/runner/work/BioScanCast/BioScanCast/bioscancast/stages/evaluation/visualisation.py", line 6, in <module>
    import matplotlib.pyplot as plt
ModuleNotFoundError: No module named 'matplotlib'
    bfg_q15 FAILED
--- bfg_q16 02:03:58 ---
Traceback (most recent call last):
  File "<frozen runpy>", line 198, in _run_module_as_main
  File "<frozen runpy>", line 88, in _run_code
  File "/home/runner/work/BioScanCast/BioScanCast/bioscancast/main.py", line 42, in <module>
    from bioscancast.orchestration import persistence
  File "/home/runner/work/BioScanCast/BioScanCast/bioscancast/orchestration/persistence.py", line 17, in <module>
    from bioscancast.stages.forecasting.schemas import ForecastResult
  File "/home/runner/work/BioScanCast/BioScanCast/bioscancast/stages/forecasting/__init__.py", line 10, in <module>
    from .pipeline import ForecastingPipeline
  File "/home/runner/work/BioScanCast/BioScanCast/bioscancast/stages/forecasting/pipeline.py", line 33, in <module>
    from bioscancast.stages.evaluation.contamination import (
  File "/home/runner/work/BioScanCast/BioScanCast/bioscancast/stages/evaluation/__init__.py", line 22, in <module>
    from .pipeline import (
  File "/home/runner/work/BioScanCast/BioScanCast/bioscancast/stages/evaluation/pipeline.py", line 24, in <module>
    from bioscancast.stages.evaluation.visualisation import (
  File "/home/runner/work/BioScanCast/BioScanCast/bioscancast/stages/evaluation/visualisation.py", line 6, in <module>
    import matplotlib.pyplot as plt
ModuleNotFoundError: No module named 'matplotlib'
    bfg_q16 FAILED
--- bfg_q17 02:03:58 ---
Traceback (most recent call last):
  File "<frozen runpy>", line 198, in _run_module_as_main
  File "<frozen runpy>", line 88, in _run_code
  File "/home/runner/work/BioScanCast/BioScanCast/bioscancast/main.py", line 42, in <module>
    from bioscancast.orchestration import persistence
  File "/home/runner/work/BioScanCast/BioScanCast/bioscancast/orchestration/persistence.py", line 17, in <module>
    from bioscancast.stages.forecasting.schemas import ForecastResult
  File "/home/runner/work/BioScanCast/BioScanCast/bioscancast/stages/forecasting/__init__.py", line 10, in <module>
    from .pipeline import ForecastingPipeline
  File "/home/runner/work/BioScanCast/BioScanCast/bioscancast/stages/forecasting/pipeline.py", line 33, in <module>
    from bioscancast.stages.evaluation.contamination import (
  File "/home/runner/work/BioScanCast/BioScanCast/bioscancast/stages/evaluation/__init__.py", line 22, in <module>
    from .pipeline import (
  File "/home/runner/work/BioScanCast/BioScanCast/bioscancast/stages/evaluation/pipeline.py", line 24, in <module>
    from bioscancast.stages.evaluation.visualisation import (
  File "/home/runner/work/BioScanCast/BioScanCast/bioscancast/stages/evaluation/visualisation.py", line 6, in <module>
    import matplotlib.pyplot as plt
ModuleNotFoundError: No module named 'matplotlib'
    bfg_q17 FAILED
--- bfg_q18 02:03:59 ---
Traceback (most recent call last):
  File "<frozen runpy>", line 198, in _run_module_as_main
  File "<frozen runpy>", line 88, in _run_code
  File "/home/runner/work/BioScanCast/BioScanCast/bioscancast/main.py", line 42, in <module>
    from bioscancast.orchestration import persistence
  File "/home/runner/work/BioScanCast/BioScanCast/bioscancast/orchestration/persistence.py", line 17, in <module>
    from bioscancast.stages.forecasting.schemas import ForecastResult
  File "/home/runner/work/BioScanCast/BioScanCast/bioscancast/stages/forecasting/__init__.py", line 10, in <module>
    from .pipeline import ForecastingPipeline
  File "/home/runner/work/BioScanCast/BioScanCast/bioscancast/stages/forecasting/pipeline.py", line 33, in <module>
    from bioscancast.stages.evaluation.contamination import (
  File "/home/runner/work/BioScanCast/BioScanCast/bioscancast/stages/evaluation/__init__.py", line 22, in <module>
    from .pipeline import (
  File "/home/runner/work/BioScanCast/BioScanCast/bioscancast/stages/evaluation/pipeline.py", line 24, in <module>
    from bioscancast.stages.evaluation.visualisation import (
  File "/home/runner/work/BioScanCast/BioScanCast/bioscancast/stages/evaluation/visualisation.py", line 6, in <module>
    import matplotlib.pyplot as plt
ModuleNotFoundError: No module named 'matplotlib'
    bfg_q18 FAILED
--- bfg_q19 02:03:59 ---
Traceback (most recent call last):
  File "<frozen runpy>", line 198, in _run_module_as_main
  File "<frozen runpy>", line 88, in _run_code
  File "/home/runner/work/BioScanCast/BioScanCast/bioscancast/main.py", line 42, in <module>
    from bioscancast.orchestration import persistence
  File "/home/runner/work/BioScanCast/BioScanCast/bioscancast/orchestration/persistence.py", line 17, in <module>
    from bioscancast.stages.forecasting.schemas import ForecastResult
  File "/home/runner/work/BioScanCast/BioScanCast/bioscancast/stages/forecasting/__init__.py", line 10, in <module>
    from .pipeline import ForecastingPipeline
  File "/home/runner/work/BioScanCast/BioScanCast/bioscancast/stages/forecasting/pipeline.py", line 33, in <module>
    from bioscancast.stages.evaluation.contamination import (
  File "/home/runner/work/BioScanCast/BioScanCast/bioscancast/stages/evaluation/__init__.py", line 22, in <module>
    from .pipeline import (
  File "/home/runner/work/BioScanCast/BioScanCast/bioscancast/stages/evaluation/pipeline.py", line 24, in <module>
    from bioscancast.stages.evaluation.visualisation import (
  File "/home/runner/work/BioScanCast/BioScanCast/bioscancast/stages/evaluation/visualisation.py", line 6, in <module>
    import matplotlib.pyplot as plt
ModuleNotFoundError: No module named 'matplotlib'
    bfg_q19 FAILED
--- bfg_q20 02:04:00 ---
Traceback (most recent call last):
  File "<frozen runpy>", line 198, in _run_module_as_main
  File "<frozen runpy>", line 88, in _run_code
  File "/home/runner/work/BioScanCast/BioScanCast/bioscancast/main.py", line 42, in <module>
    from bioscancast.orchestration import persistence
  File "/home/runner/work/BioScanCast/BioScanCast/bioscancast/orchestration/persistence.py", line 17, in <module>
    from bioscancast.stages.forecasting.schemas import ForecastResult
  File "/home/runner/work/BioScanCast/BioScanCast/bioscancast/stages/forecasting/__init__.py", line 10, in <module>
    from .pipeline import ForecastingPipeline
  File "/home/runner/work/BioScanCast/BioScanCast/bioscancast/stages/forecasting/pipeline.py", line 33, in <module>
    from bioscancast.stages.evaluation.contamination import (
  File "/home/runner/work/BioScanCast/BioScanCast/bioscancast/stages/evaluation/__init__.py", line 22, in <module>
    from .pipeline import (
  File "/home/runner/work/BioScanCast/BioScanCast/bioscancast/stages/evaluation/pipeline.py", line 24, in <module>
    from bioscancast.stages.evaluation.visualisation import (
  File "/home/runner/work/BioScanCast/BioScanCast/bioscancast/stages/evaluation/visualisation.py", line 6, in <module>
    import matplotlib.pyplot as plt
ModuleNotFoundError: No module named 'matplotlib'
    bfg_q20 FAILED
--- bfg_q21 02:04:00 ---
Traceback (most recent call last):
  File "<frozen runpy>", line 198, in _run_module_as_main
  File "<frozen runpy>", line 88, in _run_code
  File "/home/runner/work/BioScanCast/BioScanCast/bioscancast/main.py", line 42, in <module>
    from bioscancast.orchestration import persistence
  File "/home/runner/work/BioScanCast/BioScanCast/bioscancast/orchestration/persistence.py", line 17, in <module>
    from bioscancast.stages.forecasting.schemas import ForecastResult
  File "/home/runner/work/BioScanCast/BioScanCast/bioscancast/stages/forecasting/__init__.py", line 10, in <module>
    from .pipeline import ForecastingPipeline
  File "/home/runner/work/BioScanCast/BioScanCast/bioscancast/stages/forecasting/pipeline.py", line 33, in <module>
    from bioscancast.stages.evaluation.contamination import (
  File "/home/runner/work/BioScanCast/BioScanCast/bioscancast/stages/evaluation/__init__.py", line 22, in <module>
    from .pipeline import (
  File "/home/runner/work/BioScanCast/BioScanCast/bioscancast/stages/evaluation/pipeline.py", line 24, in <module>
    from bioscancast.stages.evaluation.visualisation import (
  File "/home/runner/work/BioScanCast/BioScanCast/bioscancast/stages/evaluation/visualisation.py", line 6, in <module>
    import matplotlib.pyplot as plt
ModuleNotFoundError: No module named 'matplotlib'
    bfg_q21 FAILED
--- bfg_q22 02:04:00 ---
Traceback (most recent call last):
  File "<frozen runpy>", line 198, in _run_module_as_main
  File "<frozen runpy>", line 88, in _run_code
  File "/home/runner/work/BioScanCast/BioScanCast/bioscancast/main.py", line 42, in <module>
    from bioscancast.orchestration import persistence
  File "/home/runner/work/BioScanCast/BioScanCast/bioscancast/orchestration/persistence.py", line 17, in <module>
    from bioscancast.stages.forecasting.schemas import ForecastResult
  File "/home/runner/work/BioScanCast/BioScanCast/bioscancast/stages/forecasting/__init__.py", line 10, in <module>
    from .pipeline import ForecastingPipeline
  File "/home/runner/work/BioScanCast/BioScanCast/bioscancast/stages/forecasting/pipeline.py", line 33, in <module>
    from bioscancast.stages.evaluation.contamination import (
  File "/home/runner/work/BioScanCast/BioScanCast/bioscancast/stages/evaluation/__init__.py", line 22, in <module>
    from .pipeline import (
  File "/home/runner/work/BioScanCast/BioScanCast/bioscancast/stages/evaluation/pipeline.py", line 24, in <module>
    from bioscancast.stages.evaluation.visualisation import (
  File "/home/runner/work/BioScanCast/BioScanCast/bioscancast/stages/evaluation/visualisation.py", line 6, in <module>
    import matplotlib.pyplot as plt
ModuleNotFoundError: No module named 'matplotlib'
    bfg_q22 FAILED
--- bfg_q23 02:04:01 ---
Traceback (most recent call last):
  File "<frozen runpy>", line 198, in _run_module_as_main
  File "<frozen runpy>", line 88, in _run_code
  File "/home/runner/work/BioScanCast/BioScanCast/bioscancast/main.py", line 42, in <module>
    from bioscancast.orchestration import persistence
  File "/home/runner/work/BioScanCast/BioScanCast/bioscancast/orchestration/persistence.py", line 17, in <module>
    from bioscancast.stages.forecasting.schemas import ForecastResult
  File "/home/runner/work/BioScanCast/BioScanCast/bioscancast/stages/forecasting/__init__.py", line 10, in <module>
    from .pipeline import ForecastingPipeline
  File "/home/runner/work/BioScanCast/BioScanCast/bioscancast/stages/forecasting/pipeline.py", line 33, in <module>
    from bioscancast.stages.evaluation.contamination import (
  File "/home/runner/work/BioScanCast/BioScanCast/bioscancast/stages/evaluation/__init__.py", line 22, in <module>
    from .pipeline import (
  File "/home/runner/work/BioScanCast/BioScanCast/bioscancast/stages/evaluation/pipeline.py", line 24, in <module>
    from bioscancast.stages.evaluation.visualisation import (
  File "/home/runner/work/BioScanCast/BioScanCast/bioscancast/stages/evaluation/visualisation.py", line 6, in <module>
    import matplotlib.pyplot as plt
ModuleNotFoundError: No module named 'matplotlib'
    bfg_q23 FAILED
--- bfg_q24 02:04:01 ---
Traceback (most recent call last):
  File "<frozen runpy>", line 198, in _run_module_as_main
  File "<frozen runpy>", line 88, in _run_code
  File "/home/runner/work/BioScanCast/BioScanCast/bioscancast/main.py", line 42, in <module>
    from bioscancast.orchestration import persistence
  File "/home/runner/work/BioScanCast/BioScanCast/bioscancast/orchestration/persistence.py", line 17, in <module>
    from bioscancast.stages.forecasting.schemas import ForecastResult
  File "/home/runner/work/BioScanCast/BioScanCast/bioscancast/stages/forecasting/__init__.py", line 10, in <module>
    from .pipeline import ForecastingPipeline
  File "/home/runner/work/BioScanCast/BioScanCast/bioscancast/stages/forecasting/pipeline.py", line 33, in <module>
    from bioscancast.stages.evaluation.contamination import (
  File "/home/runner/work/BioScanCast/BioScanCast/bioscancast/stages/evaluation/__init__.py", line 22, in <module>
    from .pipeline import (
  File "/home/runner/work/BioScanCast/BioScanCast/bioscancast/stages/evaluation/pipeline.py", line 24, in <module>
    from bioscancast.stages.evaluation.visualisation import (
  File "/home/runner/work/BioScanCast/BioScanCast/bioscancast/stages/evaluation/visualisation.py", line 6, in <module>
    import matplotlib.pyplot as plt
ModuleNotFoundError: No module named 'matplotlib'
    bfg_q24 FAILED
--- bfg_q25 02:04:02 ---
Traceback (most recent call last):
  File "<frozen runpy>", line 198, in _run_module_as_main
  File "<frozen runpy>", line 88, in _run_code
  File "/home/runner/work/BioScanCast/BioScanCast/bioscancast/main.py", line 42, in <module>
    from bioscancast.orchestration import persistence
  File "/home/runner/work/BioScanCast/BioScanCast/bioscancast/orchestration/persistence.py", line 17, in <module>
    from bioscancast.stages.forecasting.schemas import ForecastResult
  File "/home/runner/work/BioScanCast/BioScanCast/bioscancast/stages/forecasting/__init__.py", line 10, in <module>
    from .pipeline import ForecastingPipeline
  File "/home/runner/work/BioScanCast/BioScanCast/bioscancast/stages/forecasting/pipeline.py", line 33, in <module>
    from bioscancast.stages.evaluation.contamination import (
  File "/home/runner/work/BioScanCast/BioScanCast/bioscancast/stages/evaluation/__init__.py", line 22, in <module>
    from .pipeline import (
  File "/home/runner/work/BioScanCast/BioScanCast/bioscancast/stages/evaluation/pipeline.py", line 24, in <module>
    from bioscancast.stages.evaluation.visualisation import (
  File "/home/runner/work/BioScanCast/BioScanCast/bioscancast/stages/evaluation/visualisation.py", line 6, in <module>
    import matplotlib.pyplot as plt
ModuleNotFoundError: No module named 'matplotlib'
    bfg_q25 FAILED
=== no-history run complete 2026-08-11T02:04:02Z fails=25 ===
