=== no-history run started 2026-07-29T22:05:12Z run_id=20260729_220512_nohist ===
--- bfg_q1 22:05:12 ---
Traceback (most recent call last):
  File "<frozen runpy>", line 203, in _run_module_as_main
  File "<frozen runpy>", line 88, in _run_code
  File "/home/runner/work/BioScanCast/BioScanCast/bioscancast/main.py", line 42, in <module>
    from bioscancast.orchestration import persistence
  File "/home/runner/work/BioScanCast/BioScanCast/bioscancast/orchestration/persistence.py", line 17, in <module>
    from bioscancast.stages.forecasting.schemas import ForecastResult
  File "/home/runner/work/BioScanCast/BioScanCast/bioscancast/stages/forecasting/__init__.py", line 10, in <module>
    from .pipeline import ForecastingPipeline
  File "/home/runner/work/BioScanCast/BioScanCast/bioscancast/stages/forecasting/pipeline.py", line 33, in <module>
    from bioscancast.stages.evaluation.contamination import (
        retrieval_free_baseline_forecast,
    )
  File "/home/runner/work/BioScanCast/BioScanCast/bioscancast/stages/evaluation/__init__.py", line 22, in <module>
    from .pipeline import (
    ...<3 lines>...
    )
  File "/home/runner/work/BioScanCast/BioScanCast/bioscancast/stages/evaluation/pipeline.py", line 24, in <module>
    from bioscancast.stages.evaluation.visualisation import (
    ...<4 lines>...
    )
  File "/home/runner/work/BioScanCast/BioScanCast/bioscancast/stages/evaluation/visualisation.py", line 6, in <module>
    import matplotlib.pyplot as plt
ModuleNotFoundError: No module named 'matplotlib'
    bfg_q1 FAILED
--- bfg_q2 22:05:13 ---
Traceback (most recent call last):
  File "<frozen runpy>", line 203, in _run_module_as_main
  File "<frozen runpy>", line 88, in _run_code
  File "/home/runner/work/BioScanCast/BioScanCast/bioscancast/main.py", line 42, in <module>
    from bioscancast.orchestration import persistence
  File "/home/runner/work/BioScanCast/BioScanCast/bioscancast/orchestration/persistence.py", line 17, in <module>
    from bioscancast.stages.forecasting.schemas import ForecastResult
  File "/home/runner/work/BioScanCast/BioScanCast/bioscancast/stages/forecasting/__init__.py", line 10, in <module>
    from .pipeline import ForecastingPipeline
  File "/home/runner/work/BioScanCast/BioScanCast/bioscancast/stages/forecasting/pipeline.py", line 33, in <module>
    from bioscancast.stages.evaluation.contamination import (
        retrieval_free_baseline_forecast,
    )
  File "/home/runner/work/BioScanCast/BioScanCast/bioscancast/stages/evaluation/__init__.py", line 22, in <module>
    from .pipeline import (
    ...<3 lines>...
    )
  File "/home/runner/work/BioScanCast/BioScanCast/bioscancast/stages/evaluation/pipeline.py", line 24, in <module>
    from bioscancast.stages.evaluation.visualisation import (
    ...<4 lines>...
    )
  File "/home/runner/work/BioScanCast/BioScanCast/bioscancast/stages/evaluation/visualisation.py", line 6, in <module>
    import matplotlib.pyplot as plt
ModuleNotFoundError: No module named 'matplotlib'
    bfg_q2 FAILED
--- bfg_q3 22:05:14 ---
Traceback (most recent call last):
  File "<frozen runpy>", line 203, in _run_module_as_main
  File "<frozen runpy>", line 88, in _run_code
  File "/home/runner/work/BioScanCast/BioScanCast/bioscancast/main.py", line 42, in <module>
    from bioscancast.orchestration import persistence
  File "/home/runner/work/BioScanCast/BioScanCast/bioscancast/orchestration/persistence.py", line 17, in <module>
    from bioscancast.stages.forecasting.schemas import ForecastResult
  File "/home/runner/work/BioScanCast/BioScanCast/bioscancast/stages/forecasting/__init__.py", line 10, in <module>
    from .pipeline import ForecastingPipeline
  File "/home/runner/work/BioScanCast/BioScanCast/bioscancast/stages/forecasting/pipeline.py", line 33, in <module>
    from bioscancast.stages.evaluation.contamination import (
        retrieval_free_baseline_forecast,
    )
  File "/home/runner/work/BioScanCast/BioScanCast/bioscancast/stages/evaluation/__init__.py", line 22, in <module>
    from .pipeline import (
    ...<3 lines>...
    )
  File "/home/runner/work/BioScanCast/BioScanCast/bioscancast/stages/evaluation/pipeline.py", line 24, in <module>
    from bioscancast.stages.evaluation.visualisation import (
    ...<4 lines>...
    )
  File "/home/runner/work/BioScanCast/BioScanCast/bioscancast/stages/evaluation/visualisation.py", line 6, in <module>
    import matplotlib.pyplot as plt
ModuleNotFoundError: No module named 'matplotlib'
    bfg_q3 FAILED
--- bfg_q4 22:05:14 ---
Traceback (most recent call last):
  File "<frozen runpy>", line 203, in _run_module_as_main
  File "<frozen runpy>", line 88, in _run_code
  File "/home/runner/work/BioScanCast/BioScanCast/bioscancast/main.py", line 42, in <module>
    from bioscancast.orchestration import persistence
  File "/home/runner/work/BioScanCast/BioScanCast/bioscancast/orchestration/persistence.py", line 17, in <module>
    from bioscancast.stages.forecasting.schemas import ForecastResult
  File "/home/runner/work/BioScanCast/BioScanCast/bioscancast/stages/forecasting/__init__.py", line 10, in <module>
    from .pipeline import ForecastingPipeline
  File "/home/runner/work/BioScanCast/BioScanCast/bioscancast/stages/forecasting/pipeline.py", line 33, in <module>
    from bioscancast.stages.evaluation.contamination import (
        retrieval_free_baseline_forecast,
    )
  File "/home/runner/work/BioScanCast/BioScanCast/bioscancast/stages/evaluation/__init__.py", line 22, in <module>
    from .pipeline import (
    ...<3 lines>...
    )
  File "/home/runner/work/BioScanCast/BioScanCast/bioscancast/stages/evaluation/pipeline.py", line 24, in <module>
    from bioscancast.stages.evaluation.visualisation import (
    ...<4 lines>...
    )
  File "/home/runner/work/BioScanCast/BioScanCast/bioscancast/stages/evaluation/visualisation.py", line 6, in <module>
    import matplotlib.pyplot as plt
ModuleNotFoundError: No module named 'matplotlib'
    bfg_q4 FAILED
--- bfg_q5 22:05:14 ---
Traceback (most recent call last):
  File "<frozen runpy>", line 203, in _run_module_as_main
  File "<frozen runpy>", line 88, in _run_code
  File "/home/runner/work/BioScanCast/BioScanCast/bioscancast/main.py", line 42, in <module>
    from bioscancast.orchestration import persistence
  File "/home/runner/work/BioScanCast/BioScanCast/bioscancast/orchestration/persistence.py", line 17, in <module>
    from bioscancast.stages.forecasting.schemas import ForecastResult
  File "/home/runner/work/BioScanCast/BioScanCast/bioscancast/stages/forecasting/__init__.py", line 10, in <module>
    from .pipeline import ForecastingPipeline
  File "/home/runner/work/BioScanCast/BioScanCast/bioscancast/stages/forecasting/pipeline.py", line 33, in <module>
    from bioscancast.stages.evaluation.contamination import (
        retrieval_free_baseline_forecast,
    )
  File "/home/runner/work/BioScanCast/BioScanCast/bioscancast/stages/evaluation/__init__.py", line 22, in <module>
    from .pipeline import (
    ...<3 lines>...
    )
  File "/home/runner/work/BioScanCast/BioScanCast/bioscancast/stages/evaluation/pipeline.py", line 24, in <module>
    from bioscancast.stages.evaluation.visualisation import (
    ...<4 lines>...
    )
  File "/home/runner/work/BioScanCast/BioScanCast/bioscancast/stages/evaluation/visualisation.py", line 6, in <module>
    import matplotlib.pyplot as plt
ModuleNotFoundError: No module named 'matplotlib'
    bfg_q5 FAILED
--- bfg_q6 22:05:15 ---
Traceback (most recent call last):
  File "<frozen runpy>", line 203, in _run_module_as_main
  File "<frozen runpy>", line 88, in _run_code
  File "/home/runner/work/BioScanCast/BioScanCast/bioscancast/main.py", line 42, in <module>
    from bioscancast.orchestration import persistence
  File "/home/runner/work/BioScanCast/BioScanCast/bioscancast/orchestration/persistence.py", line 17, in <module>
    from bioscancast.stages.forecasting.schemas import ForecastResult
  File "/home/runner/work/BioScanCast/BioScanCast/bioscancast/stages/forecasting/__init__.py", line 10, in <module>
    from .pipeline import ForecastingPipeline
  File "/home/runner/work/BioScanCast/BioScanCast/bioscancast/stages/forecasting/pipeline.py", line 33, in <module>
    from bioscancast.stages.evaluation.contamination import (
        retrieval_free_baseline_forecast,
    )
  File "/home/runner/work/BioScanCast/BioScanCast/bioscancast/stages/evaluation/__init__.py", line 22, in <module>
    from .pipeline import (
    ...<3 lines>...
    )
  File "/home/runner/work/BioScanCast/BioScanCast/bioscancast/stages/evaluation/pipeline.py", line 24, in <module>
    from bioscancast.stages.evaluation.visualisation import (
    ...<4 lines>...
    )
  File "/home/runner/work/BioScanCast/BioScanCast/bioscancast/stages/evaluation/visualisation.py", line 6, in <module>
    import matplotlib.pyplot as plt
ModuleNotFoundError: No module named 'matplotlib'
    bfg_q6 FAILED
--- bfg_q7 22:05:15 ---
Traceback (most recent call last):
  File "<frozen runpy>", line 203, in _run_module_as_main
  File "<frozen runpy>", line 88, in _run_code
  File "/home/runner/work/BioScanCast/BioScanCast/bioscancast/main.py", line 42, in <module>
    from bioscancast.orchestration import persistence
  File "/home/runner/work/BioScanCast/BioScanCast/bioscancast/orchestration/persistence.py", line 17, in <module>
    from bioscancast.stages.forecasting.schemas import ForecastResult
  File "/home/runner/work/BioScanCast/BioScanCast/bioscancast/stages/forecasting/__init__.py", line 10, in <module>
    from .pipeline import ForecastingPipeline
  File "/home/runner/work/BioScanCast/BioScanCast/bioscancast/stages/forecasting/pipeline.py", line 33, in <module>
    from bioscancast.stages.evaluation.contamination import (
        retrieval_free_baseline_forecast,
    )
  File "/home/runner/work/BioScanCast/BioScanCast/bioscancast/stages/evaluation/__init__.py", line 22, in <module>
    from .pipeline import (
    ...<3 lines>...
    )
  File "/home/runner/work/BioScanCast/BioScanCast/bioscancast/stages/evaluation/pipeline.py", line 24, in <module>
    from bioscancast.stages.evaluation.visualisation import (
    ...<4 lines>...
    )
  File "/home/runner/work/BioScanCast/BioScanCast/bioscancast/stages/evaluation/visualisation.py", line 6, in <module>
    import matplotlib.pyplot as plt
ModuleNotFoundError: No module named 'matplotlib'
    bfg_q7 FAILED
--- bfg_q8 22:05:16 ---
Traceback (most recent call last):
  File "<frozen runpy>", line 203, in _run_module_as_main
  File "<frozen runpy>", line 88, in _run_code
  File "/home/runner/work/BioScanCast/BioScanCast/bioscancast/main.py", line 42, in <module>
    from bioscancast.orchestration import persistence
  File "/home/runner/work/BioScanCast/BioScanCast/bioscancast/orchestration/persistence.py", line 17, in <module>
    from bioscancast.stages.forecasting.schemas import ForecastResult
  File "/home/runner/work/BioScanCast/BioScanCast/bioscancast/stages/forecasting/__init__.py", line 10, in <module>
    from .pipeline import ForecastingPipeline
  File "/home/runner/work/BioScanCast/BioScanCast/bioscancast/stages/forecasting/pipeline.py", line 33, in <module>
    from bioscancast.stages.evaluation.contamination import (
        retrieval_free_baseline_forecast,
    )
  File "/home/runner/work/BioScanCast/BioScanCast/bioscancast/stages/evaluation/__init__.py", line 22, in <module>
    from .pipeline import (
    ...<3 lines>...
    )
  File "/home/runner/work/BioScanCast/BioScanCast/bioscancast/stages/evaluation/pipeline.py", line 24, in <module>
    from bioscancast.stages.evaluation.visualisation import (
    ...<4 lines>...
    )
  File "/home/runner/work/BioScanCast/BioScanCast/bioscancast/stages/evaluation/visualisation.py", line 6, in <module>
    import matplotlib.pyplot as plt
ModuleNotFoundError: No module named 'matplotlib'
    bfg_q8 FAILED
--- bfg_q9 22:05:16 ---
Traceback (most recent call last):
  File "<frozen runpy>", line 203, in _run_module_as_main
  File "<frozen runpy>", line 88, in _run_code
  File "/home/runner/work/BioScanCast/BioScanCast/bioscancast/main.py", line 42, in <module>
    from bioscancast.orchestration import persistence
  File "/home/runner/work/BioScanCast/BioScanCast/bioscancast/orchestration/persistence.py", line 17, in <module>
    from bioscancast.stages.forecasting.schemas import ForecastResult
  File "/home/runner/work/BioScanCast/BioScanCast/bioscancast/stages/forecasting/__init__.py", line 10, in <module>
    from .pipeline import ForecastingPipeline
  File "/home/runner/work/BioScanCast/BioScanCast/bioscancast/stages/forecasting/pipeline.py", line 33, in <module>
    from bioscancast.stages.evaluation.contamination import (
        retrieval_free_baseline_forecast,
    )
  File "/home/runner/work/BioScanCast/BioScanCast/bioscancast/stages/evaluation/__init__.py", line 22, in <module>
    from .pipeline import (
    ...<3 lines>...
    )
  File "/home/runner/work/BioScanCast/BioScanCast/bioscancast/stages/evaluation/pipeline.py", line 24, in <module>
    from bioscancast.stages.evaluation.visualisation import (
    ...<4 lines>...
    )
  File "/home/runner/work/BioScanCast/BioScanCast/bioscancast/stages/evaluation/visualisation.py", line 6, in <module>
    import matplotlib.pyplot as plt
ModuleNotFoundError: No module named 'matplotlib'
    bfg_q9 FAILED
--- bfg_q10 22:05:16 ---
Traceback (most recent call last):
  File "<frozen runpy>", line 203, in _run_module_as_main
  File "<frozen runpy>", line 88, in _run_code
  File "/home/runner/work/BioScanCast/BioScanCast/bioscancast/main.py", line 42, in <module>
    from bioscancast.orchestration import persistence
  File "/home/runner/work/BioScanCast/BioScanCast/bioscancast/orchestration/persistence.py", line 17, in <module>
    from bioscancast.stages.forecasting.schemas import ForecastResult
  File "/home/runner/work/BioScanCast/BioScanCast/bioscancast/stages/forecasting/__init__.py", line 10, in <module>
    from .pipeline import ForecastingPipeline
  File "/home/runner/work/BioScanCast/BioScanCast/bioscancast/stages/forecasting/pipeline.py", line 33, in <module>
    from bioscancast.stages.evaluation.contamination import (
        retrieval_free_baseline_forecast,
    )
  File "/home/runner/work/BioScanCast/BioScanCast/bioscancast/stages/evaluation/__init__.py", line 22, in <module>
    from .pipeline import (
    ...<3 lines>...
    )
  File "/home/runner/work/BioScanCast/BioScanCast/bioscancast/stages/evaluation/pipeline.py", line 24, in <module>
    from bioscancast.stages.evaluation.visualisation import (
    ...<4 lines>...
    )
  File "/home/runner/work/BioScanCast/BioScanCast/bioscancast/stages/evaluation/visualisation.py", line 6, in <module>
    import matplotlib.pyplot as plt
ModuleNotFoundError: No module named 'matplotlib'
    bfg_q10 FAILED
--- bfg_q11 22:05:17 ---
Traceback (most recent call last):
  File "<frozen runpy>", line 203, in _run_module_as_main
  File "<frozen runpy>", line 88, in _run_code
  File "/home/runner/work/BioScanCast/BioScanCast/bioscancast/main.py", line 42, in <module>
    from bioscancast.orchestration import persistence
  File "/home/runner/work/BioScanCast/BioScanCast/bioscancast/orchestration/persistence.py", line 17, in <module>
    from bioscancast.stages.forecasting.schemas import ForecastResult
  File "/home/runner/work/BioScanCast/BioScanCast/bioscancast/stages/forecasting/__init__.py", line 10, in <module>
    from .pipeline import ForecastingPipeline
  File "/home/runner/work/BioScanCast/BioScanCast/bioscancast/stages/forecasting/pipeline.py", line 33, in <module>
    from bioscancast.stages.evaluation.contamination import (
        retrieval_free_baseline_forecast,
    )
  File "/home/runner/work/BioScanCast/BioScanCast/bioscancast/stages/evaluation/__init__.py", line 22, in <module>
    from .pipeline import (
    ...<3 lines>...
    )
  File "/home/runner/work/BioScanCast/BioScanCast/bioscancast/stages/evaluation/pipeline.py", line 24, in <module>
    from bioscancast.stages.evaluation.visualisation import (
    ...<4 lines>...
    )
  File "/home/runner/work/BioScanCast/BioScanCast/bioscancast/stages/evaluation/visualisation.py", line 6, in <module>
    import matplotlib.pyplot as plt
ModuleNotFoundError: No module named 'matplotlib'
    bfg_q11 FAILED
--- bfg_q12 22:05:17 ---
Traceback (most recent call last):
  File "<frozen runpy>", line 203, in _run_module_as_main
  File "<frozen runpy>", line 88, in _run_code
  File "/home/runner/work/BioScanCast/BioScanCast/bioscancast/main.py", line 42, in <module>
    from bioscancast.orchestration import persistence
  File "/home/runner/work/BioScanCast/BioScanCast/bioscancast/orchestration/persistence.py", line 17, in <module>
    from bioscancast.stages.forecasting.schemas import ForecastResult
  File "/home/runner/work/BioScanCast/BioScanCast/bioscancast/stages/forecasting/__init__.py", line 10, in <module>
    from .pipeline import ForecastingPipeline
  File "/home/runner/work/BioScanCast/BioScanCast/bioscancast/stages/forecasting/pipeline.py", line 33, in <module>
    from bioscancast.stages.evaluation.contamination import (
        retrieval_free_baseline_forecast,
    )
  File "/home/runner/work/BioScanCast/BioScanCast/bioscancast/stages/evaluation/__init__.py", line 22, in <module>
    from .pipeline import (
    ...<3 lines>...
    )
  File "/home/runner/work/BioScanCast/BioScanCast/bioscancast/stages/evaluation/pipeline.py", line 24, in <module>
    from bioscancast.stages.evaluation.visualisation import (
    ...<4 lines>...
    )
  File "/home/runner/work/BioScanCast/BioScanCast/bioscancast/stages/evaluation/visualisation.py", line 6, in <module>
    import matplotlib.pyplot as plt
ModuleNotFoundError: No module named 'matplotlib'
    bfg_q12 FAILED
--- bfg_q13 22:05:17 ---
Traceback (most recent call last):
  File "<frozen runpy>", line 203, in _run_module_as_main
  File "<frozen runpy>", line 88, in _run_code
  File "/home/runner/work/BioScanCast/BioScanCast/bioscancast/main.py", line 42, in <module>
    from bioscancast.orchestration import persistence
  File "/home/runner/work/BioScanCast/BioScanCast/bioscancast/orchestration/persistence.py", line 17, in <module>
    from bioscancast.stages.forecasting.schemas import ForecastResult
  File "/home/runner/work/BioScanCast/BioScanCast/bioscancast/stages/forecasting/__init__.py", line 10, in <module>
    from .pipeline import ForecastingPipeline
  File "/home/runner/work/BioScanCast/BioScanCast/bioscancast/stages/forecasting/pipeline.py", line 33, in <module>
    from bioscancast.stages.evaluation.contamination import (
        retrieval_free_baseline_forecast,
    )
  File "/home/runner/work/BioScanCast/BioScanCast/bioscancast/stages/evaluation/__init__.py", line 22, in <module>
    from .pipeline import (
    ...<3 lines>...
    )
  File "/home/runner/work/BioScanCast/BioScanCast/bioscancast/stages/evaluation/pipeline.py", line 24, in <module>
    from bioscancast.stages.evaluation.visualisation import (
    ...<4 lines>...
    )
  File "/home/runner/work/BioScanCast/BioScanCast/bioscancast/stages/evaluation/visualisation.py", line 6, in <module>
    import matplotlib.pyplot as plt
ModuleNotFoundError: No module named 'matplotlib'
    bfg_q13 FAILED
--- bfg_q14 22:05:18 ---
Traceback (most recent call last):
  File "<frozen runpy>", line 203, in _run_module_as_main
  File "<frozen runpy>", line 88, in _run_code
  File "/home/runner/work/BioScanCast/BioScanCast/bioscancast/main.py", line 42, in <module>
    from bioscancast.orchestration import persistence
  File "/home/runner/work/BioScanCast/BioScanCast/bioscancast/orchestration/persistence.py", line 17, in <module>
    from bioscancast.stages.forecasting.schemas import ForecastResult
  File "/home/runner/work/BioScanCast/BioScanCast/bioscancast/stages/forecasting/__init__.py", line 10, in <module>
    from .pipeline import ForecastingPipeline
  File "/home/runner/work/BioScanCast/BioScanCast/bioscancast/stages/forecasting/pipeline.py", line 33, in <module>
    from bioscancast.stages.evaluation.contamination import (
        retrieval_free_baseline_forecast,
    )
  File "/home/runner/work/BioScanCast/BioScanCast/bioscancast/stages/evaluation/__init__.py", line 22, in <module>
    from .pipeline import (
    ...<3 lines>...
    )
  File "/home/runner/work/BioScanCast/BioScanCast/bioscancast/stages/evaluation/pipeline.py", line 24, in <module>
    from bioscancast.stages.evaluation.visualisation import (
    ...<4 lines>...
    )
  File "/home/runner/work/BioScanCast/BioScanCast/bioscancast/stages/evaluation/visualisation.py", line 6, in <module>
    import matplotlib.pyplot as plt
ModuleNotFoundError: No module named 'matplotlib'
    bfg_q14 FAILED
--- bfg_q15 22:05:18 ---
Traceback (most recent call last):
  File "<frozen runpy>", line 203, in _run_module_as_main
  File "<frozen runpy>", line 88, in _run_code
  File "/home/runner/work/BioScanCast/BioScanCast/bioscancast/main.py", line 42, in <module>
    from bioscancast.orchestration import persistence
  File "/home/runner/work/BioScanCast/BioScanCast/bioscancast/orchestration/persistence.py", line 17, in <module>
    from bioscancast.stages.forecasting.schemas import ForecastResult
  File "/home/runner/work/BioScanCast/BioScanCast/bioscancast/stages/forecasting/__init__.py", line 10, in <module>
    from .pipeline import ForecastingPipeline
  File "/home/runner/work/BioScanCast/BioScanCast/bioscancast/stages/forecasting/pipeline.py", line 33, in <module>
    from bioscancast.stages.evaluation.contamination import (
        retrieval_free_baseline_forecast,
    )
  File "/home/runner/work/BioScanCast/BioScanCast/bioscancast/stages/evaluation/__init__.py", line 22, in <module>
    from .pipeline import (
    ...<3 lines>...
    )
  File "/home/runner/work/BioScanCast/BioScanCast/bioscancast/stages/evaluation/pipeline.py", line 24, in <module>
    from bioscancast.stages.evaluation.visualisation import (
    ...<4 lines>...
    )
  File "/home/runner/work/BioScanCast/BioScanCast/bioscancast/stages/evaluation/visualisation.py", line 6, in <module>
    import matplotlib.pyplot as plt
ModuleNotFoundError: No module named 'matplotlib'
    bfg_q15 FAILED
--- bfg_q16 22:05:19 ---
Traceback (most recent call last):
  File "<frozen runpy>", line 203, in _run_module_as_main
  File "<frozen runpy>", line 88, in _run_code
  File "/home/runner/work/BioScanCast/BioScanCast/bioscancast/main.py", line 42, in <module>
    from bioscancast.orchestration import persistence
  File "/home/runner/work/BioScanCast/BioScanCast/bioscancast/orchestration/persistence.py", line 17, in <module>
    from bioscancast.stages.forecasting.schemas import ForecastResult
  File "/home/runner/work/BioScanCast/BioScanCast/bioscancast/stages/forecasting/__init__.py", line 10, in <module>
    from .pipeline import ForecastingPipeline
  File "/home/runner/work/BioScanCast/BioScanCast/bioscancast/stages/forecasting/pipeline.py", line 33, in <module>
    from bioscancast.stages.evaluation.contamination import (
        retrieval_free_baseline_forecast,
    )
  File "/home/runner/work/BioScanCast/BioScanCast/bioscancast/stages/evaluation/__init__.py", line 22, in <module>
    from .pipeline import (
    ...<3 lines>...
    )
  File "/home/runner/work/BioScanCast/BioScanCast/bioscancast/stages/evaluation/pipeline.py", line 24, in <module>
    from bioscancast.stages.evaluation.visualisation import (
    ...<4 lines>...
    )
  File "/home/runner/work/BioScanCast/BioScanCast/bioscancast/stages/evaluation/visualisation.py", line 6, in <module>
    import matplotlib.pyplot as plt
ModuleNotFoundError: No module named 'matplotlib'
    bfg_q16 FAILED
--- bfg_q17 22:05:19 ---
Traceback (most recent call last):
  File "<frozen runpy>", line 203, in _run_module_as_main
  File "<frozen runpy>", line 88, in _run_code
  File "/home/runner/work/BioScanCast/BioScanCast/bioscancast/main.py", line 42, in <module>
    from bioscancast.orchestration import persistence
  File "/home/runner/work/BioScanCast/BioScanCast/bioscancast/orchestration/persistence.py", line 17, in <module>
    from bioscancast.stages.forecasting.schemas import ForecastResult
  File "/home/runner/work/BioScanCast/BioScanCast/bioscancast/stages/forecasting/__init__.py", line 10, in <module>
    from .pipeline import ForecastingPipeline
  File "/home/runner/work/BioScanCast/BioScanCast/bioscancast/stages/forecasting/pipeline.py", line 33, in <module>
    from bioscancast.stages.evaluation.contamination import (
        retrieval_free_baseline_forecast,
    )
  File "/home/runner/work/BioScanCast/BioScanCast/bioscancast/stages/evaluation/__init__.py", line 22, in <module>
    from .pipeline import (
    ...<3 lines>...
    )
  File "/home/runner/work/BioScanCast/BioScanCast/bioscancast/stages/evaluation/pipeline.py", line 24, in <module>
    from bioscancast.stages.evaluation.visualisation import (
    ...<4 lines>...
    )
  File "/home/runner/work/BioScanCast/BioScanCast/bioscancast/stages/evaluation/visualisation.py", line 6, in <module>
    import matplotlib.pyplot as plt
ModuleNotFoundError: No module named 'matplotlib'
    bfg_q17 FAILED
--- bfg_q18 22:05:19 ---
Traceback (most recent call last):
  File "<frozen runpy>", line 203, in _run_module_as_main
  File "<frozen runpy>", line 88, in _run_code
  File "/home/runner/work/BioScanCast/BioScanCast/bioscancast/main.py", line 42, in <module>
    from bioscancast.orchestration import persistence
  File "/home/runner/work/BioScanCast/BioScanCast/bioscancast/orchestration/persistence.py", line 17, in <module>
    from bioscancast.stages.forecasting.schemas import ForecastResult
  File "/home/runner/work/BioScanCast/BioScanCast/bioscancast/stages/forecasting/__init__.py", line 10, in <module>
    from .pipeline import ForecastingPipeline
  File "/home/runner/work/BioScanCast/BioScanCast/bioscancast/stages/forecasting/pipeline.py", line 33, in <module>
    from bioscancast.stages.evaluation.contamination import (
        retrieval_free_baseline_forecast,
    )
  File "/home/runner/work/BioScanCast/BioScanCast/bioscancast/stages/evaluation/__init__.py", line 22, in <module>
    from .pipeline import (
    ...<3 lines>...
    )
  File "/home/runner/work/BioScanCast/BioScanCast/bioscancast/stages/evaluation/pipeline.py", line 24, in <module>
    from bioscancast.stages.evaluation.visualisation import (
    ...<4 lines>...
    )
  File "/home/runner/work/BioScanCast/BioScanCast/bioscancast/stages/evaluation/visualisation.py", line 6, in <module>
    import matplotlib.pyplot as plt
ModuleNotFoundError: No module named 'matplotlib'
    bfg_q18 FAILED
--- bfg_q19 22:05:20 ---
Traceback (most recent call last):
  File "<frozen runpy>", line 203, in _run_module_as_main
  File "<frozen runpy>", line 88, in _run_code
  File "/home/runner/work/BioScanCast/BioScanCast/bioscancast/main.py", line 42, in <module>
    from bioscancast.orchestration import persistence
  File "/home/runner/work/BioScanCast/BioScanCast/bioscancast/orchestration/persistence.py", line 17, in <module>
    from bioscancast.stages.forecasting.schemas import ForecastResult
  File "/home/runner/work/BioScanCast/BioScanCast/bioscancast/stages/forecasting/__init__.py", line 10, in <module>
    from .pipeline import ForecastingPipeline
  File "/home/runner/work/BioScanCast/BioScanCast/bioscancast/stages/forecasting/pipeline.py", line 33, in <module>
    from bioscancast.stages.evaluation.contamination import (
        retrieval_free_baseline_forecast,
    )
  File "/home/runner/work/BioScanCast/BioScanCast/bioscancast/stages/evaluation/__init__.py", line 22, in <module>
    from .pipeline import (
    ...<3 lines>...
    )
  File "/home/runner/work/BioScanCast/BioScanCast/bioscancast/stages/evaluation/pipeline.py", line 24, in <module>
    from bioscancast.stages.evaluation.visualisation import (
    ...<4 lines>...
    )
  File "/home/runner/work/BioScanCast/BioScanCast/bioscancast/stages/evaluation/visualisation.py", line 6, in <module>
    import matplotlib.pyplot as plt
ModuleNotFoundError: No module named 'matplotlib'
    bfg_q19 FAILED
--- bfg_q20 22:05:20 ---
Traceback (most recent call last):
  File "<frozen runpy>", line 203, in _run_module_as_main
  File "<frozen runpy>", line 88, in _run_code
  File "/home/runner/work/BioScanCast/BioScanCast/bioscancast/main.py", line 42, in <module>
    from bioscancast.orchestration import persistence
  File "/home/runner/work/BioScanCast/BioScanCast/bioscancast/orchestration/persistence.py", line 17, in <module>
    from bioscancast.stages.forecasting.schemas import ForecastResult
  File "/home/runner/work/BioScanCast/BioScanCast/bioscancast/stages/forecasting/__init__.py", line 10, in <module>
    from .pipeline import ForecastingPipeline
  File "/home/runner/work/BioScanCast/BioScanCast/bioscancast/stages/forecasting/pipeline.py", line 33, in <module>
    from bioscancast.stages.evaluation.contamination import (
        retrieval_free_baseline_forecast,
    )
  File "/home/runner/work/BioScanCast/BioScanCast/bioscancast/stages/evaluation/__init__.py", line 22, in <module>
    from .pipeline import (
    ...<3 lines>...
    )
  File "/home/runner/work/BioScanCast/BioScanCast/bioscancast/stages/evaluation/pipeline.py", line 24, in <module>
    from bioscancast.stages.evaluation.visualisation import (
    ...<4 lines>...
    )
  File "/home/runner/work/BioScanCast/BioScanCast/bioscancast/stages/evaluation/visualisation.py", line 6, in <module>
    import matplotlib.pyplot as plt
ModuleNotFoundError: No module named 'matplotlib'
    bfg_q20 FAILED
--- bfg_q21 22:05:21 ---
Traceback (most recent call last):
  File "<frozen runpy>", line 203, in _run_module_as_main
  File "<frozen runpy>", line 88, in _run_code
  File "/home/runner/work/BioScanCast/BioScanCast/bioscancast/main.py", line 42, in <module>
    from bioscancast.orchestration import persistence
  File "/home/runner/work/BioScanCast/BioScanCast/bioscancast/orchestration/persistence.py", line 17, in <module>
    from bioscancast.stages.forecasting.schemas import ForecastResult
  File "/home/runner/work/BioScanCast/BioScanCast/bioscancast/stages/forecasting/__init__.py", line 10, in <module>
    from .pipeline import ForecastingPipeline
  File "/home/runner/work/BioScanCast/BioScanCast/bioscancast/stages/forecasting/pipeline.py", line 33, in <module>
    from bioscancast.stages.evaluation.contamination import (
        retrieval_free_baseline_forecast,
    )
  File "/home/runner/work/BioScanCast/BioScanCast/bioscancast/stages/evaluation/__init__.py", line 22, in <module>
    from .pipeline import (
    ...<3 lines>...
    )
  File "/home/runner/work/BioScanCast/BioScanCast/bioscancast/stages/evaluation/pipeline.py", line 24, in <module>
    from bioscancast.stages.evaluation.visualisation import (
    ...<4 lines>...
    )
  File "/home/runner/work/BioScanCast/BioScanCast/bioscancast/stages/evaluation/visualisation.py", line 6, in <module>
    import matplotlib.pyplot as plt
ModuleNotFoundError: No module named 'matplotlib'
    bfg_q21 FAILED
--- bfg_q22 22:05:21 ---
Traceback (most recent call last):
  File "<frozen runpy>", line 203, in _run_module_as_main
  File "<frozen runpy>", line 88, in _run_code
  File "/home/runner/work/BioScanCast/BioScanCast/bioscancast/main.py", line 42, in <module>
    from bioscancast.orchestration import persistence
  File "/home/runner/work/BioScanCast/BioScanCast/bioscancast/orchestration/persistence.py", line 17, in <module>
    from bioscancast.stages.forecasting.schemas import ForecastResult
  File "/home/runner/work/BioScanCast/BioScanCast/bioscancast/stages/forecasting/__init__.py", line 10, in <module>
    from .pipeline import ForecastingPipeline
  File "/home/runner/work/BioScanCast/BioScanCast/bioscancast/stages/forecasting/pipeline.py", line 33, in <module>
    from bioscancast.stages.evaluation.contamination import (
        retrieval_free_baseline_forecast,
    )
  File "/home/runner/work/BioScanCast/BioScanCast/bioscancast/stages/evaluation/__init__.py", line 22, in <module>
    from .pipeline import (
    ...<3 lines>...
    )
  File "/home/runner/work/BioScanCast/BioScanCast/bioscancast/stages/evaluation/pipeline.py", line 24, in <module>
    from bioscancast.stages.evaluation.visualisation import (
    ...<4 lines>...
    )
  File "/home/runner/work/BioScanCast/BioScanCast/bioscancast/stages/evaluation/visualisation.py", line 6, in <module>
    import matplotlib.pyplot as plt
ModuleNotFoundError: No module named 'matplotlib'
    bfg_q22 FAILED
--- bfg_q23 22:05:21 ---
Traceback (most recent call last):
  File "<frozen runpy>", line 203, in _run_module_as_main
  File "<frozen runpy>", line 88, in _run_code
  File "/home/runner/work/BioScanCast/BioScanCast/bioscancast/main.py", line 42, in <module>
    from bioscancast.orchestration import persistence
  File "/home/runner/work/BioScanCast/BioScanCast/bioscancast/orchestration/persistence.py", line 17, in <module>
    from bioscancast.stages.forecasting.schemas import ForecastResult
  File "/home/runner/work/BioScanCast/BioScanCast/bioscancast/stages/forecasting/__init__.py", line 10, in <module>
    from .pipeline import ForecastingPipeline
  File "/home/runner/work/BioScanCast/BioScanCast/bioscancast/stages/forecasting/pipeline.py", line 33, in <module>
    from bioscancast.stages.evaluation.contamination import (
        retrieval_free_baseline_forecast,
    )
  File "/home/runner/work/BioScanCast/BioScanCast/bioscancast/stages/evaluation/__init__.py", line 22, in <module>
    from .pipeline import (
    ...<3 lines>...
    )
  File "/home/runner/work/BioScanCast/BioScanCast/bioscancast/stages/evaluation/pipeline.py", line 24, in <module>
    from bioscancast.stages.evaluation.visualisation import (
    ...<4 lines>...
    )
  File "/home/runner/work/BioScanCast/BioScanCast/bioscancast/stages/evaluation/visualisation.py", line 6, in <module>
    import matplotlib.pyplot as plt
ModuleNotFoundError: No module named 'matplotlib'
    bfg_q23 FAILED
--- bfg_q24 22:05:22 ---
Traceback (most recent call last):
  File "<frozen runpy>", line 203, in _run_module_as_main
  File "<frozen runpy>", line 88, in _run_code
  File "/home/runner/work/BioScanCast/BioScanCast/bioscancast/main.py", line 42, in <module>
    from bioscancast.orchestration import persistence
  File "/home/runner/work/BioScanCast/BioScanCast/bioscancast/orchestration/persistence.py", line 17, in <module>
    from bioscancast.stages.forecasting.schemas import ForecastResult
  File "/home/runner/work/BioScanCast/BioScanCast/bioscancast/stages/forecasting/__init__.py", line 10, in <module>
    from .pipeline import ForecastingPipeline
  File "/home/runner/work/BioScanCast/BioScanCast/bioscancast/stages/forecasting/pipeline.py", line 33, in <module>
    from bioscancast.stages.evaluation.contamination import (
        retrieval_free_baseline_forecast,
    )
  File "/home/runner/work/BioScanCast/BioScanCast/bioscancast/stages/evaluation/__init__.py", line 22, in <module>
    from .pipeline import (
    ...<3 lines>...
    )
  File "/home/runner/work/BioScanCast/BioScanCast/bioscancast/stages/evaluation/pipeline.py", line 24, in <module>
    from bioscancast.stages.evaluation.visualisation import (
    ...<4 lines>...
    )
  File "/home/runner/work/BioScanCast/BioScanCast/bioscancast/stages/evaluation/visualisation.py", line 6, in <module>
    import matplotlib.pyplot as plt
ModuleNotFoundError: No module named 'matplotlib'
    bfg_q24 FAILED
--- bfg_q25 22:05:22 ---
Traceback (most recent call last):
  File "<frozen runpy>", line 203, in _run_module_as_main
  File "<frozen runpy>", line 88, in _run_code
  File "/home/runner/work/BioScanCast/BioScanCast/bioscancast/main.py", line 42, in <module>
    from bioscancast.orchestration import persistence
  File "/home/runner/work/BioScanCast/BioScanCast/bioscancast/orchestration/persistence.py", line 17, in <module>
    from bioscancast.stages.forecasting.schemas import ForecastResult
  File "/home/runner/work/BioScanCast/BioScanCast/bioscancast/stages/forecasting/__init__.py", line 10, in <module>
    from .pipeline import ForecastingPipeline
  File "/home/runner/work/BioScanCast/BioScanCast/bioscancast/stages/forecasting/pipeline.py", line 33, in <module>
    from bioscancast.stages.evaluation.contamination import (
        retrieval_free_baseline_forecast,
    )
  File "/home/runner/work/BioScanCast/BioScanCast/bioscancast/stages/evaluation/__init__.py", line 22, in <module>
    from .pipeline import (
    ...<3 lines>...
    )
  File "/home/runner/work/BioScanCast/BioScanCast/bioscancast/stages/evaluation/pipeline.py", line 24, in <module>
    from bioscancast.stages.evaluation.visualisation import (
    ...<4 lines>...
    )
  File "/home/runner/work/BioScanCast/BioScanCast/bioscancast/stages/evaluation/visualisation.py", line 6, in <module>
    import matplotlib.pyplot as plt
ModuleNotFoundError: No module named 'matplotlib'
    bfg_q25 FAILED
=== no-history run complete 2026-07-29T22:05:23Z fails=25 ===
