RUN_ID=20260811_232340
/Users/jessicarapson/.matplotlib is not a writable directory
Matplotlib created a temporary cache directory at /Users/jessicarapson/.vscode/tmp/tmp_vscode_1/matplotlib-chpir7v_ because there was an issue with the default path ({configdir}); it is highly recommended to set the MPLCONFIGDIR environment variable to a writable directory, in particular to speed up the import of Matplotlib and to better support multiprocessing.

Fontconfig error: No writable cache directories
	/opt/homebrew/var/cache/fontconfig
	/Users/jessicarapson/.cache/fontconfig
	/Users/jessicarapson/.fontconfig

Fontconfig error: No writable cache directories
	/opt/homebrew/var/cache/fontconfig
	/Users/jessicarapson/.cache/fontconfig
	/Users/jessicarapson/.fontconfig

Fontconfig error: No writable cache directories
	/opt/homebrew/var/cache/fontconfig
	/Users/jessicarapson/.cache/fontconfig
	/Users/jessicarapson/.fontconfig

Fontconfig error: No writable cache directories
	/opt/homebrew/var/cache/fontconfig
	/Users/jessicarapson/.cache/fontconfig
	/Users/jessicarapson/.fontconfig
Matplotlib is building the font cache; this may take a moment.
